◇ injected env (3) from .env // tip: ◈ encrypted .env [www.dotenvx.com]
Starting Model Connectivity Test...

Testing Gemini 2.5 Flash (Google)... ✅ WORKING
Testing Gemini 2.0 Flash Exp (Google)... ❌ FAILED ({"error":{"code":404,"message":"models/gemini-2.0-flash-exp is not found for API version v1beta, or is not supported for generateContent. Call ListModels to see the list of available models and their supported methods.","status":"NOT_FOUND"}})
Testing Gemini 1.5 Flash (Google)... ❌ FAILED ({"error":{"code":404,"message":"models/gemini-1.5-flash is not found for API version v1beta, or is not supported for generateContent. Call ListModels to see the list of available models and their supported methods.","status":"NOT_FOUND"}})
Testing Gemini 1.5 Pro (Google)... ❌ FAILED ({"error":{"code":404,"message":"models/gemini-1.5-pro is not found for API version v1beta, or is not supported for generateContent. Call ListModels to see the list of available models and their supported methods.","status":"NOT_FOUND"}})
Testing Minimax M2.5 (OpenRouter)... ❌ FAILED (fetch failed)
Testing Gemma 4-31B (OpenRouter)... ❌ FAILED (fetch failed)
Testing Ling 2.6-1T (OpenRouter)... ❌ FAILED (fetch failed)

--- TEST SUMMARY ---
┌─────────┬─────────────────────────────────┬───────────┬──────────────────────────────────────────────────────────────────────────────────────────────────────────────────────────────────────────────────────────────────────────────────────────────────────────────────────────────────────────────────────┐
│ (index) │ Model                           │ Status    │ Error                                                                                                                                                                                                                                                │
├─────────┼─────────────────────────────────┼───────────┼──────────────────────────────────────────────────────────────────────────────────────────────────────────────────────────────────────────────────────────────────────────────────────────────────────────────────────────────────────────────────────┤
│ 0       │ 'Gemini 2.5 Flash (Google)'     │ 'WORKING' │ '-'                                                                                                                                                                                                                                                  │
│ 1       │ 'Gemini 2.0 Flash Exp (Google)' │ 'FAILED'  │ '{"error":{"code":404,"message":"models/gemini-2.0-flash-exp is not found for API version v1beta, or is not supported for generateContent. Call ListModels to see the list of available models and their supported methods.","status":"NOT_FOUND"}}' │
│ 2       │ 'Gemini 1.5 Flash (Google)'     │ 'FAILED'  │ '{"error":{"code":404,"message":"models/gemini-1.5-flash is not found for API version v1beta, or is not supported for generateContent. Call ListModels to see the list of available models and their supported methods.","status":"NOT_FOUND"}}'     │
│ 3       │ 'Gemini 1.5 Pro (Google)'       │ 'FAILED'  │ '{"error":{"code":404,"message":"models/gemini-1.5-pro is not found for API version v1beta, or is not supported for generateContent. Call ListModels to see the list of available models and their supported methods.","status":"NOT_FOUND"}}'       │
│ 4       │ 'Minimax M2.5 (OpenRouter)'     │ 'FAILED'  │ 'fetch failed'                                                                                                                                                                                                                                       │
│ 5       │ 'Gemma 4-31B (OpenRouter)'      │ 'FAILED'  │ 'fetch failed'                                                                                                                                                                                                                                       │
│ 6       │ 'Ling 2.6-1T (OpenRouter)'      │ 'FAILED'  │ 'fetch failed'                                                                                                                                                                                                                                       │
└─────────┴─────────────────────────────────┴───────────┴──────────────────────────────────────────────────────────────────────────────────────────────────────────────────────────────────────────────────────────────────────────────────────────────────────────────────────────────────────────────────────┘
